Starting SQLite tactical duel game schema setup...
SQLite database already exists at myapp.db
Database is accessible and working.

SQLite tactical duel game DB schema initialized!
Tables created: games, players, units
Database: myapp.db
Location: /home/kavia/workspace/code-generation/gridtactix-118083-118092/database/myapp.db

To use with Node.js viewer, run: source db_visualizer/sqlite.env

To connect to the database, use one of the following methods:
1. Python: sqlite3.connect('myapp.db')
2. Connection string: sqlite:////home/kavia/workspace/code-generation/gridtactix-118083-118092/database/myapp.db
3. Direct file access: /home/kavia/workspace/code-generation/gridtactix-118083-118092/database/myapp.db

To inspect schema, launch:
  python3 db_shell.py

Script completed successfully.

> simple-db-viewer@1.0.0 start
> node server.js --host 0.0.0.0

node:internal/modules/cjs/loader:1143
  throw err;
  ^

Error: Cannot find module 'express'
Require stack:
- /home/kavia/workspace/code-generation/gridtactix-118083-118092/database/db_visualizer/server.js
    at Module._resolveFilename (node:internal/modules/cjs/loader:1140:15)
    at Module._load (node:internal/modules/cjs/loader:981:27)
    at Module.require (node:internal/modules/cjs/loader:1231:19)
    at require (node:internal/modules/helpers:177:18)
    at Object.<anonymous> (/home/kavia/workspace/code-generation/gridtactix-118083-118092/database/db_visualizer/server.js:1:17)
    at Module._compile (node:internal/modules/cjs/loader:1364:14)
    at Module._extensions..js (node:internal/modules/cjs/loader:1422:10)
    at Module.load (node:internal/modules/cjs/loader:1203:32)
    at Module._load (node:internal/modules/cjs/loader:1019:12)
    at Function.executeUserEntryPoint [as runMain] (node:internal/modules/run_main:128:12) {
  code: 'MODULE_NOT_FOUND',
  requireStack: [
    '/home/kavia/workspace/code-generation/gridtactix-118083-118092/database/db_visualizer/server.js'
  ]
}

Node.js v18.20.6
