Starting SQLite setup...
Creating new SQLite database...
Connection information saved to db_connection.txt
Environment variables saved to db_visualizer/sqlite.env

SQLite setup complete!
Database: myapp.db
Location: /home/kavia/workspace/code-generation/gridtactix-118083-118092/database/myapp.db

To use with Node.js viewer, run: source db_visualizer/sqlite.env

To connect to the database, use one of the following methods:
1. Python: sqlite3.connect('myapp.db')
2. Connection string: sqlite:////home/kavia/workspace/code-generation/gridtactix-118083-118092/database/myapp.db
3. Direct file access: /home/kavia/workspace/code-generation/gridtactix-118083-118092/database/myapp.db

Database statistics:
  Tables: 2
  App info records: 4

SQLite CLI is available. You can also use:
  sqlite3 myapp.db

Script completed successfully.
npm warn deprecated rimraf@3.0.2: Rimraf versions prior to v4 are no longer supported
npm warn deprecated are-we-there-yet@3.0.1: This package is no longer supported.
npm warn deprecated @npmcli/move-file@1.1.2: This functionality has been moved to @npmcli/fs
npm warn deprecated npmlog@6.0.2: This package is no longer supported.
npm warn deprecated inflight@1.0.6: This module is not supported, and leaks memory. Do not use it. Check out lru-cache if you want a good and tested way to coalesce async requests by a key value, which is much more comprehensive and powerful.
npm warn deprecated glob@7.2.3: Glob versions prior to v9 are no longer supported
npm warn deprecated gauge@4.0.4: This package is no longer supported.

added 257 packages, and audited 258 packages in 8s

30 packages are looking for funding
  run `npm fund` for details

found 0 vulnerabilities
npm notice
npm notice New major version of npm available! 10.8.2 -> 11.4.2
npm notice Changelog: https://github.com/npm/cli/releases/tag/v11.4.2
npm notice To update run: npm install -g npm@11.4.2
npm notice
SQLite database is ready at myapp.db
